✅ Loaded 14 assets from ZORRO
✅ Loaded 14 assets from ZORRO

🎯 Launching Stage A screening...

📊 STAGE A: Screening 25 diverse strategies...
✅ Selected 25 strategies
  1/25: Generating STRATEGY_RANDOM_69...
  2/25: Generating STRATEGY_RANDOM_24...
  3/25: Generating STRATEGY_RANDOM_367...
  4/25: Generating STRATEGY_RANDOM_266...
  5/25: Generating STRATEGY_RANDOM_46...
  6/25: Generating STRATEGY_RANDOM_349...
  7/25: Generating STRATEGY_RANDOM_308...
  8/25: Generating STRATEGY_RANDOM_472...
  9/25: Generating STRATEGY_RANDOM_134...
  10/25: Generating STRATEGY_RANDOM_309...
  11/25: Generating STRATEGY_RANDOM_36...
  12/25: Generating STRATEGY_RANDOM_279...
  13/25: Generating STRATEGY_RANDOM_359...
  14/25: Generating STRATEGY_RANDOM_35...
  15/25: Generating STRATEGY_RANDOM_318...
  16/25: Generating STRATEGY_RANDOM_85...
  17/25: Generating STRATEGY_RANDOM_71...
  18/25: Generating STRATEGY_RANDOM_203...
  19/25: Generating STRATEGY_RANDOM_251...
  20/25: Generating STRATEGY_RANDOM_233...
  21/25: Generating STRATEGY_RANDOM_348...
  22/25: Generating STRATEGY_RANDOM_111...
  23/25: Generating STRATEGY_RANDOM_307...
  24/25: Generating STRATEGY_RANDOM_135...
  25/25: Generating STRATEGY_RANDOM_273...

✅ Stage A generated:
   Manifest: E:\PROYECTOS\CURSOR\PROYECTO 1 ZORRO\training-results\robustness\MANIFEST.json
   Checklist: E:\PROYECTOS\CURSOR\PROYECTO 1 ZORRO\training-results\robustness\STAGE_A_CHECKLIST.md
   Scripts: D:\ZORRO\Strategy

✅ SUCCESS!

📋 NEXT STEPS:
   1. Open: E:\PROYECTOS\CURSOR\PROYECTO 1 ZORRO\training-results\robustness\STAGE_A_CHECKLIST.md
   2. Launch ZORRO at D:\\ZORRO\\Zorro.exe
   3. Follow the checklist to run 25 backtests
   4. After completion, run:

      node run-robustness-suite.js parse --stage A

